2026-08-18 19:25:08,660 - INFO - Listening on COM4 at 115200 baud...
2026-08-18 19:25:10,488 - INFO - [pico     8725ms] INFO  Alloc 1024 bytes | used=1536 free=512 high=1536 cap=2048 | 3 us
2026-08-18 19:25:12,192 - INFO - [pico    10429ms] INFO  Allocator reset | used=0 free=2048 high=1536 cap=2048 | 13 us
2026-08-18 19:25:14,394 - INFO - [pico    12632ms] INFO  Pointer invalidation: wrote 0x42 before reset, read 0xDD at 20000588 after reset
2026-08-18 19:25:15,401 - WARNING - [pico    13637ms] WARN  Rewind to stale mark failed (expected) | used=0 free=2048 high=1536 cap=2048 | 0 us
2026-08-18 19:25:21,204 - INFO - [pico    19442ms] INFO  Alloc 512 bytes | used=512 free=1536 high=1536 cap=2048 | 1 us
2026-08-18 19:25:22,907 - INFO - [pico    21146ms] INFO  Alloc 512 bytes | used=1024 free=1024 high=1536 cap=2048 | 1 us
2026-08-18 19:25:24,611 - INFO - [pico    22849ms] INFO  Alloc 512 bytes | used=1536 free=512 high=1536 cap=2048 | 1 us
2026-08-18 19:25:26,314 - ERROR - [pico    24553ms] ERROR Alloc 1024 bytes FAILED | used=1536 free=512 high=1536 cap=2048 | 0 us
2026-08-18 19:25:27,919 - INFO - [pico    26157ms] INFO  Rewind successful, freed 1024 bytes | used=512 free=1536 high=1536 cap=2048 | 5 us
2026-08-18 19:25:29,923 - INFO - [pico    28162ms] INFO  Alloc 1024 bytes | used=1536 free=512 high=1536 cap=2048 | 1 us
2026-08-18 19:25:31,626 - INFO - [pico    29866ms] INFO  Allocator reset | used=0 free=2048 high=1536 cap=2048 | 9 us
2026-08-18 19:25:33,830 - INFO - [pico    32069ms] INFO  Pointer invalidation: wrote 0x42 before reset, read 0xDD at 20000588 after reset
2026-08-18 19:25:34,835 - WARNING - [pico    33074ms] WARN  Rewind to stale mark failed (expected) | used=0 free=2048 high=1536 cap=2048 | 0 us
2026-08-18 19:25:40,640 - INFO - [pico    38879ms] INFO  Alloc 512 bytes | used=512 free=1536 high=1536 cap=2048 | 1 us
2026-08-18 19:25:42,342 - INFO - [pico    40582ms] INFO  Alloc 512 bytes | used=1024 free=1024 high=1536 cap=2048 | 1 us
2026-08-18 19:25:44,046 - INFO - [pico    42286ms] INFO  Alloc 512 bytes | used=1536 free=512 high=1536 cap=2048 | 1 us
2026-08-18 19:25:45,750 - ERROR - [pico    43989ms] ERROR Alloc 1024 bytes FAILED | used=1536 free=512 high=1536 cap=2048 | 0 us
2026-08-18 19:25:47,355 - INFO - [pico    45593ms] INFO  Rewind successful, freed 1024 bytes | used=512 free=1536 high=1536 cap=2048 | 5 us
2026-08-18 19:25:49,359 - INFO - [pico    47599ms] INFO  Alloc 1024 bytes | used=1536 free=512 high=1536 cap=2048 | 1 us
2026-08-18 19:25:51,062 - INFO - [pico    49302ms] INFO  Allocator reset | used=0 free=2048 high=1536 cap=2048 | 9 us
2026-08-18 19:25:53,265 - INFO - [pico    51505ms] INFO  Pointer invalidation: wrote 0x42 before reset, read 0xDD at 20000588 after reset
2026-08-18 19:25:54,270 - WARNING - [pico    52510ms] WARN  Rewind to stale mark failed (expected) | used=0 free=2048 high=1536 cap=2048 | 0 us
2026-08-18 19:26:00,075 - INFO - [pico    58315ms] INFO  Alloc 512 bytes | used=512 free=1536 high=1536 cap=2048 | 1 us
2026-08-18 19:26:01,778 - INFO - [pico    60019ms] INFO  Alloc 512 bytes | used=1024 free=1024 high=1536 cap=2048 | 1 us
2026-08-18 19:26:03,482 - INFO - [pico    61722ms] INFO  Alloc 512 bytes | used=1536 free=512 high=1536 cap=2048 | 1 us
2026-08-18 19:26:05,185 - ERROR - [pico    63426ms] ERROR Alloc 1024 bytes FAILED | used=1536 free=512 high=1536 cap=2048 | 0 us
2026-08-18 19:26:06,790 - INFO - [pico    65030ms] INFO  Rewind successful, freed 1024 bytes | used=512 free=1536 high=1536 cap=2048 | 5 us
2026-08-18 19:26:08,794 - INFO - [pico    67035ms] INFO  Alloc 1024 bytes | used=1536 free=512 high=1536 cap=2048 | 1 us
2026-08-18 19:26:10,499 - INFO - [pico    68739ms] INFO  Allocator reset | used=0 free=2048 high=1536 cap=2048 | 9 us
2026-08-18 19:26:12,701 - INFO - [pico    70942ms] INFO  Pointer invalidation: wrote 0x42 before reset, read 0xDD at 20000588 after reset
2026-08-18 19:26:13,705 - WARNING - [pico    71947ms] WARN  Rewind to stale mark failed (expected) | used=0 free=2048 high=1536 cap=2048 | 0 us
2026-08-18 19:26:19,510 - INFO - [pico    77752ms] INFO  Alloc 512 bytes | used=512 free=1536 high=1536 cap=2048 | 1 us
2026-08-18 19:26:21,213 - INFO - [pico    79455ms] INFO  Alloc 512 bytes | used=1024 free=1024 high=1536 cap=2048 | 1 us
2026-08-18 19:26:22,917 - INFO - [pico    81159ms] INFO  Alloc 512 bytes | used=1536 free=512 high=1536 cap=2048 | 1 us
2026-08-18 19:26:24,621 - ERROR - [pico    82862ms] ERROR Alloc 1024 bytes FAILED | used=1536 free=512 high=1536 cap=2048 | 0 us
2026-08-18 19:26:26,225 - INFO - [pico    84466ms] INFO  Rewind successful, freed 1024 bytes | used=512 free=1536 high=1536 cap=2048 | 5 us
2026-08-18 19:26:28,230 - INFO - [pico    86471ms] INFO  Alloc 1024 bytes | used=1536 free=512 high=1536 cap=2048 | 1 us
2026-08-18 19:26:29,933 - INFO - [pico    88175ms] INFO  Allocator reset | used=0 free=2048 high=1536 cap=2048 | 9 us
